C:/TouchGFXProjects/MyApplication_4/Core/Src/main.c:1288:6:StartDefaultTask	8	static
C:/TouchGFXProjects/MyApplication_4/Core/Src/main.c:1308:6:playNoteTaskFunction	48	static
C:/TouchGFXProjects/MyApplication_4/Core/Src/main.c:696:6:SystemClock_Config	144	static
C:/TouchGFXProjects/MyApplication_4/Core/Src/main.c:579:5:main	128	static,ignoring_inline_asm
C:/TouchGFXProjects/MyApplication_4/Core/Src/main.c:1274:6:setFreq	8	static
C:/TouchGFXProjects/MyApplication_4/Core/Src/main.c:1425:6:HAL_TIM_PeriodElapsedCallback	40	static
C:/TouchGFXProjects/MyApplication_4/Core/Src/main.c:1477:6:Error_Handler	0	static
