C:/TouchGFXProjects/MyApplication_4/Core/Src/main.c:1288:6:StartDefaultTask	1
C:/TouchGFXProjects/MyApplication_4/Core/Src/main.c:1308:6:playNoteTaskFunction	6
C:/TouchGFXProjects/MyApplication_4/Core/Src/main.c:696:6:SystemClock_Config	3
C:/TouchGFXProjects/MyApplication_4/Core/Src/main.c:579:5:main	5
C:/TouchGFXProjects/MyApplication_4/Core/Src/main.c:1274:6:setFreq	1
C:/TouchGFXProjects/MyApplication_4/Core/Src/main.c:1425:6:HAL_TIM_PeriodElapsedCallback	9
C:/TouchGFXProjects/MyApplication_4/Core/Src/main.c:1477:6:Error_Handler	1
