../../Middlewares/ST/touchgfx/framework/include/touchgfx/Screen.hpp:104:18:virtual void touchgfx::Screen::afterTransition()	0	static
../../Middlewares/ST/touchgfx/framework/include/touchgfx/Screen.hpp:144:18:virtual void touchgfx::Screen::handleTickEvent()	0	static
../../Middlewares/ST/touchgfx/framework/include/touchgfx/Screen.hpp:154:18:virtual void touchgfx::Screen::handleKeyEvent(uint8_t)	0	static
C:/TouchGFXProjects/MyApplication_4/TouchGFX/gui/src/screen1_screen/Screen1View.cpp:13:6:virtual void Screen1View::tearDownScreen()	0	static
C:/TouchGFXProjects/MyApplication_4/TouchGFX/gui/src/screen1_screen/Screen1View.cpp:18:6:virtual void Screen1View::playC()	0	static
C:/TouchGFXProjects/MyApplication_4/TouchGFX/gui/src/screen1_screen/Screen1View.cpp:22:6:virtual void Screen1View::playCIS()	0	static
C:/TouchGFXProjects/MyApplication_4/TouchGFX/gui/src/screen1_screen/Screen1View.cpp:26:6:virtual void Screen1View::playD()	0	static
C:/TouchGFXProjects/MyApplication_4/TouchGFX/gui/src/screen1_screen/Screen1View.cpp:30:6:virtual void Screen1View::playDIS()	0	static
C:/TouchGFXProjects/MyApplication_4/TouchGFX/gui/src/screen1_screen/Screen1View.cpp:34:6:virtual void Screen1View::playE()	0	static
C:/TouchGFXProjects/MyApplication_4/TouchGFX/gui/src/screen1_screen/Screen1View.cpp:38:6:virtual void Screen1View::playF()	0	static
C:/TouchGFXProjects/MyApplication_4/TouchGFX/gui/src/screen1_screen/Screen1View.cpp:42:6:virtual void Screen1View::playFIS()	0	static
C:/TouchGFXProjects/MyApplication_4/TouchGFX/gui/src/screen1_screen/Screen1View.cpp:46:6:virtual void Screen1View::playG()	0	static
C:/TouchGFXProjects/MyApplication_4/TouchGFX/gui/src/screen1_screen/Screen1View.cpp:50:6:virtual void Screen1View::playGIS()	0	static
C:/TouchGFXProjects/MyApplication_4/TouchGFX/gui/src/screen1_screen/Screen1View.cpp:54:6:virtual void Screen1View::playA()	0	static
C:/TouchGFXProjects/MyApplication_4/TouchGFX/gui/src/screen1_screen/Screen1View.cpp:58:6:virtual void Screen1View::playAIS()	0	static
C:/TouchGFXProjects/MyApplication_4/TouchGFX/gui/src/screen1_screen/Screen1View.cpp:62:6:virtual void Screen1View::playH()	0	static
C:/TouchGFXProjects/MyApplication_4/TouchGFX/gui/src/screen1_screen/Screen1View.cpp:66:6:virtual void Screen1View::playNone()	0	static
C:/TouchGFXProjects/MyApplication_4/TouchGFX/gui/src/screen1_screen/Screen1View.cpp:70:6:virtual void Screen1View::functionRIGHT()	0	static
C:/TouchGFXProjects/MyApplication_4/TouchGFX/gui/src/screen1_screen/Screen1View.cpp:74:6:virtual void Screen1View::functionLEFT()	0	static
../../TouchGFX/gui/include/gui/screen1_screen/Screen1View.hpp:11:13:Screen1View::~Screen1View()	8	static
../../TouchGFX/gui/include/gui/screen1_screen/Screen1View.hpp:11:13:virtual Screen1View::~Screen1View()	8	static
C:/TouchGFXProjects/MyApplication_4/TouchGFX/gui/src/screen1_screen/Screen1View.cpp:3:1:Screen1View::Screen1View()	8	static
C:/TouchGFXProjects/MyApplication_4/TouchGFX/gui/src/screen1_screen/Screen1View.cpp:8:6:virtual void Screen1View::setupScreen()	0	static
C:/TouchGFXProjects/MyApplication_4/TouchGFX/gui/src/screen1_screen/Screen1View.cpp:78:6:virtual void Screen1View::updateCount(int)	8	static
