../../TouchGFX/gui/include/gui/screen1_screen/Screen1Presenter.hpp:28:13:Screen1Presenter::~Screen1Presenter()	0	static
C:/TouchGFXProjects/MyApplication_4/TouchGFX/gui/src/screen1_screen/Screen1Presenter.cpp:10:6:virtual void Screen1Presenter::activate()	0	static
C:/TouchGFXProjects/MyApplication_4/TouchGFX/gui/src/screen1_screen/Screen1Presenter.cpp:28:6:virtual void Screen1Presenter::updateCount(int)	0	static
../../TouchGFX/gui/include/gui/screen1_screen/Screen1Presenter.hpp:28:13:virtual Screen1Presenter::~Screen1Presenter()	8	static
C:/TouchGFXProjects/MyApplication_4/TouchGFX/gui/src/screen1_screen/Screen1Presenter.cpp:20:6:virtual void Screen1Presenter::sendNote(int)	0	static
C:/TouchGFXProjects/MyApplication_4/TouchGFX/gui/src/screen1_screen/Screen1Presenter.cpp:24:6:virtual void Screen1Presenter::sendState(int)	0	static
../../TouchGFX/gui/include/gui/screen1_screen/Screen1Presenter.hpp:28:13:virtual void* Screen1Presenter::_ZThn4_N16Screen1PresenterD1Ev()	0	static
../../TouchGFX/gui/include/gui/screen1_screen/Screen1Presenter.hpp:28:13:virtual void* Screen1Presenter::_ZThn4_N16Screen1PresenterD0Ev()	8	static
../../TouchGFX/gui/include/gui/screen1_screen/Screen1Presenter.hpp:32:18:virtual void Screen1Presenter::_ZThn4_N16Screen1Presenter11updateCountEi(int)	0	static
C:/TouchGFXProjects/MyApplication_4/TouchGFX/gui/src/screen1_screen/Screen1Presenter.cpp:4:1:Screen1Presenter::Screen1Presenter(Screen1View&)	4	static
